<h1>Syntax Highlighting</h1>
<p>This example shows some syntax highlighting:</p>
<pre class="hljs"><code class="language-html"><span class="hljs-tag">&lt;<span class="hljs-name">div</span> <span class="hljs-attr">class</span>=<span class="hljs-string">"wrap"</span>&gt;</span>
    <span class="hljs-tag">&lt;<span class="hljs-name">button</span> <span class="hljs-attr">class</span>=<span class="hljs-string">"button"</span> <span class="hljs-attr">type</span>=<span class="hljs-string">"button"</span> <span class="hljs-attr">data-ng-click</span>=<span class="hljs-string">"openSomething()"</span>&gt;</span>Test<span class="hljs-tag">&lt;/<span class="hljs-name">button</span>&gt;</span>
<span class="hljs-tag">&lt;/<span class="hljs-name">div</span>&gt;</span>
</code></pre>
<pre class="hljs"><code class="language-less"><span class="hljs-selector-class">.wrap</span> {
    <span class="hljs-attribute">display</span>: block;

    <span class="hljs-selector-class">.button</span> {
        <span class="hljs-attribute">background-color</span>: red;
    }
}
</code></pre>
<pre class="hljs"><code class="language-js"><span class="hljs-function"><span class="hljs-keyword">function</span> <span class="hljs-title">openSomething</span>(<span class="hljs-params"></span>) </span>{
    <span class="hljs-built_in">console</span>.log(<span class="hljs-string">'I\'m going to open something... yay!!!'</span>);
}
</code></pre>
<p>Lorem ipsum dolor sit amet, consectetur adipisicing elit. Reiciendis natus est obcaecati enim nesciunt dolorem doloremque sint optio! Blanditiis qui sunt adipisci enim error quis?</p>
